// Jest Snapshot v1, https://goo.gl/fbAQLP

exports[`List Renders properly 1`] = `ReactWrapper {}`;
