// Jest Snapshot v1, https://goo.gl/fbAQLP

exports[`Movie Renders page properly 1`] = `ReactWrapper {}`;
